 DonateButtonManager props  Object
 A preload for 'https://odrviewer.io/viewer.wasm' is found, but is not used because the request credentials mode does not match. Consider taking a look at crossorigin attribute.
instantiateAsync @ viewer.js:1
 [WARN] Road #0: planView::geometry::s -0.456138 < 0, set s=0
 [WARN] Road #1: planView::geometry::s -3.000000 < 0, set s=0
 [WARN] Road #2: planView::geometry::s -5.250000 < 0, set s=0
 [WARN] Road #3: planView::geometry::s -8.750000 < 0, set s=0
 [WARN] Road #4: planView::geometry::s -2.482511 < 0, set s=0
 [WARN] Road #5: planView::geometry::s -3.500000 < 0, set s=0
 [WARN] Road #6: planView::geometry::s -3.000000 < 0, set s=0
 [WARN] Road #7: planView::geometry::s -5.250000 < 0, set s=0
 [WARN] Road #8: planView::geometry::s -3.500000 < 0, set s=0
 [WARN] Road #9: planView::geometry::s -3.500000 < 0, set s=0
 [WARN] Road #10: planView::geometry::s -3.000000 < 0, set s=0
 [WARN] Road #12: planView::geometry::s -5.250000 < 0, set s=0
 [WARN] Road #15: planView::geometry::s -5.250000 < 0, set s=0
 [WARN] Road #16: planView::geometry::s -5.250000 < 0, set s=0
 [WARN] Road #17: planView::geometry::s -2.131389 < 0, set s=0
 [WARN] Road #18: planView::geometry::s -5.250000 < 0, set s=0
 [WARN] Road #19: planView::geometry::s -3.220910 < 0, set s=0
 [WARN] Road #20: planView::geometry::s -5.250000 < 0, set s=0
 [WARN] Road #21: planView::geometry::s -5.250000 < 0, set s=0
 [WARN] Road #22: planView::geometry::s -2.980683 < 0, set s=0
 [WARN] Road #23: planView::geometry::s -5.250000 < 0, set s=0
 [WARN] Road #24: planView::geometry::s -5.250000 < 0, set s=0
 [WARN] Road #25: planView::geometry::s -3.450956 < 0, set s=0
 [WARN] Road #26: planView::geometry::s -5.250000 < 0, set s=0
 [WARN] Road #27: planView::geometry::s -5.250000 < 0, set s=0
 [WARN] Road #30: planView::geometry::s -5.250000 < 0, set s=0
 [WARN] Road #31: planView::geometry::s -3.659613 < 0, set s=0
 [WARN] Road #32: planView::geometry::s -5.250000 < 0, set s=0
 [WARN] Road #33: planView::geometry::s -1.487779 < 0, set s=0
 [WARN] Road #34: planView::geometry::s -5.297606 < 0, set s=0
 [WARN] Road #35: planView::geometry::s -5.250000 < 0, set s=0
 [WARN] Road #37: planView::geometry::s -5.250000 < 0, set s=0
 [WARN] Road #39: planView::geometry::s -0.688391 < 0, set s=0
 [WARN] Road #40: planView::geometry::s -0.044937 < 0, set s=0
 [WARN] Road #41: planView::geometry::s -0.500000 < 0, set s=0
 [WARN] Road #42: planView::geometry::s -5.250000 < 0, set s=0
 [WARN] Road #43: planView::geometry::s -2.581431 < 0, set s=0
 [WARN] Road #45: planView::geometry::s -3.000000 < 0, set s=0
 [WARN] Road #46: planView::geometry::s -5.250000 < 0, set s=0
 [WARN] Road #47: planView::geometry::s -1.360676 < 0, set s=0
 [WARN] Road #48: planView::geometry::s -3.500000 < 0, set s=0
 [WARN] Road #49: planView::geometry::s -3.500000 < 0, set s=0
 [WARN] Road #51: planView::geometry::s -3.000000 < 0, set s=0
 [WARN] Road #53: planView::geometry::s -3.000000 < 0, set s=0
 [WARN] Road #54: planView::geometry::s -2.079201 < 0, set s=0
 [WARN] Road #55: planView::geometry::s -0.790137 < 0, set s=0
 [WARN] Road #57: planView::geometry::s -0.529825 < 0, set s=0
 [WARN] Road #58: planView::geometry::s -2.819939 < 0, set s=0
 [WARN] Road #59: planView::geometry::s -3.000000 < 0, set s=0
 [WARN] Road #60: planView::geometry::s -3.000000 < 0, set s=0
 [WARN] Road #61: planView::geometry::s -2.980938 < 0, set s=0
 [WARN] Road #62: planView::geometry::s -3.000000 < 0, set s=0
 [WARN] Road #63: planView::geometry::s -2.311625 < 0, set s=0
 [WARN] Road #64: planView::geometry::s -3.000000 < 0, set s=0
 [WARN] Road #65: planView::geometry::s -3.000000 < 0, set s=0
 [WARN] Road #66: planView::geometry::s -3.000000 < 0, set s=0
 [WARN] Road #68: planView::geometry::s -2.766528 < 0, set s=0
 [WARN] Road #69: planView::geometry::s -3.000000 < 0, set s=0
 [WARN] Road #70: planView::geometry::s -3.000000 < 0, set s=0
 [WARN] Road #71: planView::geometry::s -3.000000 < 0, set s=0
 [WARN] Road #72: planView::geometry::s -3.000000 < 0, set s=0
 [WARN] Road #74: planView::geometry::s -3.000000 < 0, set s=0
 [WARN] Road #75: planView::geometry::s -3.500000 < 0, set s=0
 [WARN] Road #76: planView::geometry::s -3.500000 < 0, set s=0
 [WARN] Road #77: planView::geometry::s -3.500000 < 0, set s=0
 [WARN] Road #78: planView::geometry::s -1.220784 < 0, set s=0
 [WARN] Road #79: planView::geometry::s -3.000000 < 0, set s=0
 [WARN] Road #80: planView::geometry::s -3.500000 < 0, set s=0
 [WARN] Road #82: planView::geometry::s -2.196826 < 0, set s=0
 [WARN] Road #83: planView::geometry::s -1.587934 < 0, set s=0
 [WARN] Road #84: planView::geometry::s -3.000000 < 0, set s=0
 [WARN] Road #85: planView::geometry::s -3.000000 < 0, set s=0
 [WARN] Road #86: planView::geometry::s -3.000000 < 0, set s=0
 [WARN] Road #88: planView::geometry::s -3.000000 < 0, set s=0
 [WARN] Road #89: planView::geometry::s -5.250000 < 0, set s=0
 [WARN] Road #90: planView::geometry::s -3.000000 < 0, set s=0
 [WARN] Road #91: planView::geometry::s -7.000000 < 0, set s=0
 [WARN] Road #92: planView::geometry::s -7.000000 < 0, set s=0
 [WARN] Road #93: planView::geometry::s -3.000000 < 0, set s=0
 [WARN] Road #94: planView::geometry::s -2.787245 < 0, set s=0
 [WARN] Road #95: planView::geometry::s -3.000000 < 0, set s=0
 [WARN] Road #96: planView::geometry::s -3.000000 < 0, set s=0
 [WARN] Road #97: planView::geometry::s -3.500000 < 0, set s=0
 [WARN] Road #98: planView::geometry::s -3.000000 < 0, set s=0
 [WARN] Road #99: planView::geometry::s -3.500000 < 0, set s=0
 [WARN] Road #100: planView::geometry::s -7.000000 < 0, set s=0
 [WARN] Road #101: planView::geometry::s -5.250000 < 0, set s=0
 [WARN] Road #102: planView::geometry::s -3.000000 < 0, set s=0
 [WARN] Road #103: planView::geometry::s -3.000000 < 0, set s=0
 [WARN] Road #104: planView::geometry::s -3.000000 < 0, set s=0
 [WARN] Road #105: planView::geometry::s -3.000000 < 0, set s=0
 [WARN] Road #106: planView::geometry::s -3.000000 < 0, set s=0
 [WARN] Road #107: planView::geometry::s -3.000000 < 0, set s=0
 [WARN] Road #108: planView::geometry::s -3.290480 < 0, set s=0
 [WARN] Road #109: planView::geometry::s -7.000000 < 0, set s=0
 [WARN] Road #110: planView::geometry::s -5.250000 < 0, set s=0
 [WARN] Road #111: planView::geometry::s -3.000000 < 0, set s=0
 [WARN] Road #112: planView::geometry::s -3.000000 < 0, set s=0
 [WARN] Road #113: planView::geometry::s -7.000000 < 0, set s=0
 [WARN] Road #114: planView::geometry::s -3.000000 < 0, set s=0
 [WARN] Road #115: planView::geometry::s -3.000000 < 0, set s=0
 [WARN] Road #116: planView::geometry::s -2.465524 < 0, set s=0
 [WARN] Road #117: planView::geometry::s -3.000000 < 0, set s=0
 [WARN] Road #118: planView::geometry::s -0.221005 < 0, set s=0
 [WARN] Road #119: planView::geometry::s -3.000000 < 0, set s=0
 [WARN] Road #121: planView::geometry::s -2.309826 < 0, set s=0
 [WARN] Road #122: planView::geometry::s -1.811483 < 0, set s=0
 [WARN] Road #123: planView::geometry::s -2.531141 < 0, set s=0
 [WARN] Road #124: planView::geometry::s -3.500000 < 0, set s=0
 [WARN] Road #125: planView::geometry::s -3.500000 < 0, set s=0
 [WARN] Road #126: planView::geometry::s -3.500000 < 0, set s=0
 [WARN] Road #127: planView::geometry::s -3.500000 < 0, set s=0
 [WARN] Road #128: planView::geometry::s -3.500000 < 0, set s=0
 [WARN] Road #129: planView::geometry::s -3.500000 < 0, set s=0
 [WARN] Road #131: planView::geometry::s -1.676761 < 0, set s=0
 [WARN] Road #132: planView::geometry::s -3.500000 < 0, set s=0
 [WARN] Road #133: planView::geometry::s -3.500000 < 0, set s=0
 [WARN] Road #134: planView::geometry::s -3.250000 < 0, set s=0
 [WARN] Road #136: planView::geometry::s -3.500000 < 0, set s=0
 [WARN] Road #137: planView::geometry::s -3.500000 < 0, set s=0
 [WARN] Road #138: planView::geometry::s -5.250000 < 0, set s=0
 [WARN] Road #139: planView::geometry::s -3.000000 < 0, set s=0
 [WARN] Road #140: planView::geometry::s -3.000000 < 0, set s=0
 [WARN] Road #141: planView::geometry::s -2.720266 < 0, set s=0
 [WARN] Road #142: planView::geometry::s -3.000000 < 0, set s=0
 [WARN] Road #143: planView::geometry::s -5.250000 < 0, set s=0
 [WARN] Road #144: planView::geometry::s -3.000000 < 0, set s=0
 [WARN] Road #145: planView::geometry::s -3.000000 < 0, set s=0
 [WARN] Road #146: planView::geometry::s -3.000000 < 0, set s=0
 [WARN] Road #147: planView::geometry::s -3.000000 < 0, set s=0
 [WARN] Road #148: planView::geometry::s -3.000000 < 0, set s=0
 [WARN] Road #149: planView::geometry::s -0.060075 < 0, set s=0
 [WARN] Road #150: planView::geometry::s -3.000000 < 0, set s=0
 [WARN] Road #152: planView::geometry::s -3.000000 < 0, set s=0
 [WARN] Road #153: planView::geometry::s -3.000000 < 0, set s=0
 [WARN] Road #154: planView::geometry::s -2.888862 < 0, set s=0
 [WARN] Road #155: planView::geometry::s -2.982167 < 0, set s=0
 [WARN] Road #156: planView::geometry::s -3.000000 < 0, set s=0
 [WARN] Road #157: planView::geometry::s -3.500000 < 0, set s=0
 [WARN] Road #158: planView::geometry::s -3.000000 < 0, set s=0
 [WARN] Road #159: planView::geometry::s -1.822636 < 0, set s=0
 [WARN] Road #160: planView::geometry::s -1.780111 < 0, set s=0
 [WARN] Road #161: planView::geometry::s -0.500000 < 0, set s=0
 [WARN] Road #162: planView::geometry::s -3.000000 < 0, set s=0
 [WARN] Road #163: planView::geometry::s -3.000000 < 0, set s=0
 [WARN] Road #164: planView::geometry::s -3.000000 < 0, set s=0
 [WARN] Road #165: planView::geometry::s -3.000000 < 0, set s=0
 [WARN] Road #166: planView::geometry::s -1.679872 < 0, set s=0
 [WARN] Road #167: planView::geometry::s -1.614568 < 0, set s=0
 [WARN] Road #168: planView::geometry::s -3.000000 < 0, set s=0
 [WARN] Road #169: planView::geometry::s -3.000000 < 0, set s=0
 [WARN] Road #172: planView::geometry::s -5.250000 < 0, set s=0
 [WARN] Road #173: planView::geometry::s -3.000000 < 0, set s=0
 [WARN] Road #174: planView::geometry::s -3.000000 < 0, set s=0
 [WARN] Road #175: planView::geometry::s -3.500000 < 0, set s=0
 [WARN] Road #176: planView::geometry::s -3.000000 < 0, set s=0
 [WARN] Road #178: planView::geometry::s -5.250000 < 0, set s=0
 [WARN] Road #179: planView::geometry::s -3.000000 < 0, set s=0
 [WARN] Road #180: planView::geometry::s -3.000000 < 0, set s=0
 [WARN] Road #181: planView::geometry::s -3.000000 < 0, set s=0
 [WARN] Road #182: planView::geometry::s -2.300218 < 0, set s=0
 [WARN] Road #183: planView::geometry::s -3.000000 < 0, set s=0
 [WARN] Road #185: planView::geometry::s -2.023622 < 0, set s=0
 [WARN] Road #186: planView::geometry::s -1.456411 < 0, set s=0
 [WARN] Road #187: planView::geometry::s -0.364164 < 0, set s=0
 [WARN] Road #188: planView::geometry::s -3.000000 < 0, set s=0
 [WARN] Road #189: planView::geometry::s -1.447925 < 0, set s=0
 [WARN] Road #191: planView::geometry::s -3.000000 < 0, set s=0
 [WARN] Road #193: planView::geometry::s -3.000000 < 0, set s=0
 [WARN] Road #194: planView::geometry::s -3.000000 < 0, set s=0
 [WARN] Road #195: planView::geometry::s -3.000000 < 0, set s=0
 [WARN] Road #196: planView::geometry::s -3.000000 < 0, set s=0
 [WARN] Road #197: planView::geometry::s -3.000000 < 0, set s=0
 [WARN] Road #199: planView::geometry::s -3.000000 < 0, set s=0
 [WARN] Road #200: planView::geometry::s -3.000000 < 0, set s=0
 [WARN] Road #201: planView::geometry::s -0.515021 < 0, set s=0
 [WARN] Road #202: planView::geometry::s -3.250000 < 0, set s=0
 [WARN] Road #203: planView::geometry::s -3.500000 < 0, set s=0
 [WARN] Road #204: planView::geometry::s -3.000000 < 0, set s=0
 [WARN] Road #205: planView::geometry::s -3.000000 < 0, set s=0
 [WARN] Road #206: planView::geometry::s -3.000000 < 0, set s=0
 [WARN] Road #207: planView::geometry::s -3.000000 < 0, set s=0
 [WARN] Road #208: planView::geometry::s -3.000000 < 0, set s=0
 [WARN] Road #210: planView::geometry::s -3.000000 < 0, set s=0
 [WARN] Road #211: planView::geometry::s -3.000000 < 0, set s=0
 [WARN] Road #212: planView::geometry::s -3.000000 < 0, set s=0
 [WARN] Road #214: planView::geometry::s -3.000000 < 0, set s=0
 [WARN] Road #215: planView::geometry::s -3.500000 < 0, set s=0
 [WARN] Road #217: planView::geometry::s -3.000000 < 0, set s=0
 [WARN] Road #218: planView::geometry::s -3.000000 < 0, set s=0
 [WARN] Road #219: planView::geometry::s -1.904012 < 0, set s=0
 [WARN] Road #220: planView::geometry::s -3.000000 < 0, set s=0
 [WARN] Road #221: planView::geometry::s -3.000000 < 0, set s=0
 [WARN] Road #222: planView::geometry::s -2.076691 < 0, set s=0
 [WARN] Road #223: planView::geometry::s -3.000000 < 0, set s=0
 [WARN] Road #224: planView::geometry::s -3.000000 < 0, set s=0
 [WARN] Road #226: planView::geometry::s -3.000000 < 0, set s=0
 [WARN] Road #228: planView::geometry::s -3.000000 < 0, set s=0
 [WARN] Road #232: planView::geometry::s -3.000000 < 0, set s=0
 [WARN] Road #233: planView::geometry::s -2.501694 < 0, set s=0
 [WARN] Road #234: planView::geometry::s -3.000000 < 0, set s=0
 [WARN] Road #236: planView::geometry::s -3.000000 < 0, set s=0
 [WARN] Road #237: planView::geometry::s -2.298130 < 0, set s=0
 [WARN] Road #238: planView::geometry::s -3.000000 < 0, set s=0
 [WARN] Road #239: planView::geometry::s -3.000000 < 0, set s=0
 [WARN] Road #240: planView::geometry::s -1.743906 < 0, set s=0
 [WARN] Road #242: planView::geometry::s -0.555515 < 0, set s=0
 [WARN] Road #244: planView::geometry::s -7.000000 < 0, set s=0
 [WARN] Road #245: planView::geometry::s -7.000000 < 0, set s=0
 [WARN] Road #246: planView::geometry::s -7.000000 < 0, set s=0
 [WARN] Road #247: planView::geometry::s -3.347310 < 0, set s=0
 [WARN] Road #248: planView::geometry::s -2.407322 < 0, set s=0
 [WARN] Road #249: planView::geometry::s -2.206140 < 0, set s=0
 [WARN] Road #250: planView::geometry::s -3.000000 < 0, set s=0
 [WARN] Road #252: planView::geometry::s -3.000000 < 0, set s=0
 [WARN] Road #253: planView::geometry::s -0.922238 < 0, set s=0
 [WARN] Road #254: planView::geometry::s -5.250000 < 0, set s=0
 [WARN] Road #255: planView::geometry::s -3.000000 < 0, set s=0
 [WARN] Road #256: planView::geometry::s -3.000000 < 0, set s=0
 [WARN] Road #258: planView::geometry::s -1.890714 < 0, set s=0
 [WARN] Road #259: planView::geometry::s -0.035301 < 0, set s=0
 [WARN] Road #260: planView::geometry::s -2.830733 < 0, set s=0
 [WARN] Road #262: planView::geometry::s -2.197966 < 0, set s=0
 [WARN] Road #263: planView::geometry::s -1.235525 < 0, set s=0
 [WARN] Road #265: planView::geometry::s -3.346472 < 0, set s=0
 [WARN] Road #268: planView::geometry::s -3.000000 < 0, set s=0
 [WARN] Road #269: planView::geometry::s -3.000000 < 0, set s=0
 [WARN] Road #271: planView::geometry::s -3.500000 < 0, set s=0
 [WARN] Road #272: planView::geometry::s -5.250000 < 0, set s=0
 [WARN] Road #274: planView::geometry::s -3.593543 < 0, set s=0
 [WARN] Road #275: planView::geometry::s -3.000000 < 0, set s=0
 [WARN] Road #277: planView::geometry::s -3.000000 < 0, set s=0
 [WARN] Road #278: planView::geometry::s -3.000000 < 0, set s=0
 [WARN] Road #279: planView::geometry::s -3.000000 < 0, set s=0
 [WARN] Road #280: planView::geometry::s -3.296169 < 0, set s=0
 [WARN] Road #281: planView::geometry::s -3.000000 < 0, set s=0
 [WARN] Road #283: planView::geometry::s -3.000000 < 0, set s=0
 [WARN] Road #284: planView::geometry::s -3.000000 < 0, set s=0
 [WARN] Road #285: planView::geometry::s -3.500000 < 0, set s=0
 [WARN] Road #286: planView::geometry::s -3.000000 < 0, set s=0
 [WARN] Road #287: planView::geometry::s -3.000000 < 0, set s=0
 [WARN] Road #288: planView::geometry::s -2.237402 < 0, set s=0
 [WARN] Road #289: planView::geometry::s -3.000000 < 0, set s=0
 [WARN] Road #290: planView::geometry::s -3.000000 < 0, set s=0
 [WARN] Road #291: planView::geometry::s -3.000000 < 0, set s=0
 [WARN] Road #292: planView::geometry::s -3.000000 < 0, set s=0
 [WARN] Road #293: planView::geometry::s -3.000000 < 0, set s=0
 [WARN] Road #294: planView::geometry::s -3.500000 < 0, set s=0
 [WARN] Road #296: planView::geometry::s -3.000000 < 0, set s=0
 [WARN] Road #297: planView::geometry::s -3.000000 < 0, set s=0
 [WARN] Road #298: planView::geometry::s -1.385408 < 0, set s=0
 [WARN] Road #299: planView::geometry::s -3.000000 < 0, set s=0
 [WARN] Road #301: planView::geometry::s -3.000000 < 0, set s=0
 [WARN] Road #302: planView::geometry::s -4.318849 < 0, set s=0
 [WARN] Road #303: planView::geometry::s -2.238503 < 0, set s=0
 [WARN] Road #304: planView::geometry::s -2.335818 < 0, set s=0
 [WARN] Road #305: planView::geometry::s -3.000000 < 0, set s=0
 [WARN] Road #306: planView::geometry::s -3.500000 < 0, set s=0
 [WARN] Road #307: planView::geometry::s -3.500000 < 0, set s=0
 [WARN] Road #308: planView::geometry::s -3.000000 < 0, set s=0
 [WARN] Road #309: planView::geometry::s -3.000000 < 0, set s=0
 [WARN] Road #310: planView::geometry::s -3.000000 < 0, set s=0
 [WARN] Road #311: planView::geometry::s -0.500000 < 0, set s=0
 [WARN] Road #312: planView::geometry::s -3.000000 < 0, set s=0
 [WARN] Road #313: planView::geometry::s -3.000000 < 0, set s=0
 [WARN] Road #314: planView::geometry::s -3.000000 < 0, set s=0
 [WARN] Road #315: planView::geometry::s -3.000000 < 0, set s=0
 [WARN] Road #316: planView::geometry::s -3.000000 < 0, set s=0
 [WARN] Road #317: planView::geometry::s -1.741979 < 0, set s=0
 [WARN] Road #318: planView::geometry::s -1.006569 < 0, set s=0
 [WARN] Road #319: planView::geometry::s -5.250000 < 0, set s=0
 [WARN] Road #320: planView::geometry::s -3.000000 < 0, set s=0
 [WARN] Road #321: planView::geometry::s -3.000000 < 0, set s=0
 [WARN] Road #323: planView::geometry::s -3.000000 < 0, set s=0
 [WARN] Road #324: planView::geometry::s -3.000000 < 0, set s=0
 [WARN] Road #325: planView::geometry::s -3.000000 < 0, set s=0
 [WARN] Road #326: planView::geometry::s -3.000000 < 0, set s=0
 [WARN] Road #327: planView::geometry::s -3.000000 < 0, set s=0
 [WARN] Road #328: planView::geometry::s -3.000000 < 0, set s=0
 [WARN] Road #329: planView::geometry::s -5.250000 < 0, set s=0
 [WARN] Road #330: planView::geometry::s -3.000000 < 0, set s=0
 [WARN] Road #332: planView::geometry::s -3.000000 < 0, set s=0
 [WARN] Road #333: planView::geometry::s -3.000000 < 0, set s=0
 [WARN] Road #334: planView::geometry::s -3.000000 < 0, set s=0
 [WARN] Road #335: planView::geometry::s -3.250000 < 0, set s=0
 [WARN] Road #336: planView::geometry::s -3.250000 < 0, set s=0
 [WARN] Road #337: planView::geometry::s -3.000000 < 0, set s=0
 [WARN] Road #338: planView::geometry::s -3.000000 < 0, set s=0
 [WARN] Road #339: planView::geometry::s -3.000000 < 0, set s=0
 [WARN] Road #340: planView::geometry::s -3.000000 < 0, set s=0
 [WARN] Road #341: planView::geometry::s -3.000000 < 0, set s=0
 [WARN] Road #342: planView::geometry::s -3.000000 < 0, set s=0
 [WARN] Road #343: planView::geometry::s -3.000000 < 0, set s=0
 [WARN] Road #345: planView::geometry::s -3.920439 < 0, set s=0
 [WARN] Road #347: planView::geometry::s -3.000000 < 0, set s=0
 [WARN] Road #348: planView::geometry::s -3.000000 < 0, set s=0
 [WARN] Road #349: planView::geometry::s -3.000000 < 0, set s=0
 [WARN] Road #350: planView::geometry::s -3.500000 < 0, set s=0
 [WARN] Road #351: planView::geometry::s -3.000000 < 0, set s=0
 [WARN] Road #352: planView::geometry::s -3.000000 < 0, set s=0
 [WARN] Road #354: planView::geometry::s -3.000000 < 0, set s=0
 [WARN] Road #355: planView::geometry::s -2.778820 < 0, set s=0
 [WARN] Road #356: planView::geometry::s -3.000000 < 0, set s=0
 [WARN] Road #359: planView::geometry::s -3.000000 < 0, set s=0
 [WARN] Road #360: planView::geometry::s -3.000000 < 0, set s=0
 [WARN] Road #361: planView::geometry::s -3.000000 < 0, set s=0
 [WARN] Road #362: planView::geometry::s -3.000000 < 0, set s=0
 [WARN] Road #363: planView::geometry::s -3.000000 < 0, set s=0
 [WARN] Road #364: planView::geometry::s -3.000000 < 0, set s=0
 [WARN] Road #365: planView::geometry::s -3.000000 < 0, set s=0
 [WARN] Road #366: planView::geometry::s -0.500000 < 0, set s=0
 [WARN] Road #368: planView::geometry::s -0.152938 < 0, set s=0
 [WARN] Road #369: planView::geometry::s -2.167089 < 0, set s=0
 [WARN] Road #370: planView::geometry::s -3.000000 < 0, set s=0
 [WARN] Road #371: planView::geometry::s -3.000000 < 0, set s=0
 [WARN] Road #372: planView::geometry::s -3.000000 < 0, set s=0
 [WARN] Road #373: planView::geometry::s -3.000000 < 0, set s=0
 [WARN] Road #374: planView::geometry::s -3.000000 < 0, set s=0
 [WARN] Road #375: planView::geometry::s -3.000000 < 0, set s=0
 [WARN] Road #376: planView::geometry::s -3.000000 < 0, set s=0
 [WARN] Road #377: planView::geometry::s -3.000000 < 0, set s=0
 [WARN] Road #378: planView::geometry::s -2.627416 < 0, set s=0
 [WARN] Road #379: planView::geometry::s -3.000000 < 0, set s=0
 [WARN] Road #380: planView::geometry::s -6.404936 < 0, set s=0
 [WARN] Road #381: planView::geometry::s -3.000000 < 0, set s=0
 [WARN] Road #382: planView::geometry::s -3.000000 < 0, set s=0
 [WARN] Road #383: planView::geometry::s -0.304332 < 0, set s=0
 [WARN] Road #385: planView::geometry::s -3.000000 < 0, set s=0
 [WARN] Road #386: planView::geometry::s -3.000000 < 0, set s=0
 [WARN] Road #387: planView::geometry::s -3.000000 < 0, set s=0
 [WARN] Road #388: planView::geometry::s -3.000000 < 0, set s=0
 [WARN] Road #389: planView::geometry::s -3.000000 < 0, set s=0
 [WARN] Road #390: planView::geometry::s -3.000000 < 0, set s=0
 [WARN] Road #391: planView::geometry::s -7.000000 < 0, set s=0
 [WARN] Road #392: planView::geometry::s -3.000000 < 0, set s=0
 [WARN] Road #393: planView::geometry::s -3.000000 < 0, set s=0
 [WARN] Road #394: planView::geometry::s -3.000000 < 0, set s=0
 [WARN] Road #395: planView::geometry::s -3.000000 < 0, set s=0
 [WARN] Road #396: planView::geometry::s -3.000000 < 0, set s=0
 [WARN] Road #397: planView::geometry::s -3.000000 < 0, set s=0
 [WARN] Road #398: planView::geometry::s -3.000000 < 0, set s=0
 [WARN] Road #399: planView::geometry::s -3.000000 < 0, set s=0
 [WARN] Road #400: planView::geometry::s -0.492653 < 0, set s=0
 [WARN] Road #401: planView::geometry::s -3.000000 < 0, set s=0
 [WARN] Road #402: planView::geometry::s -3.000000 < 0, set s=0
 [WARN] Road #403: planView::geometry::s -1.152082 < 0, set s=0
 [WARN] Road #404: planView::geometry::s -7.000000 < 0, set s=0
 [WARN] Road #405: planView::geometry::s -3.000000 < 0, set s=0
 [WARN] Road #406: planView::geometry::s -7.000000 < 0, set s=0
 [WARN] Road #407: planView::geometry::s -2.154437 < 0, set s=0
 [WARN] Road #408: planView::geometry::s -1.675294 < 0, set s=0
 [WARN] Road #409: planView::geometry::s -3.000000 < 0, set s=0
 [WARN] Road #410: planView::geometry::s -2.829846 < 0, set s=0
 [WARN] Road #411: planView::geometry::s -0.166788 < 0, set s=0
 [WARN] Road #412: planView::geometry::s -3.000000 < 0, set s=0
 [WARN] Road #414: planView::geometry::s -3.000000 < 0, set s=0
 [WARN] Road #415: planView::geometry::s -3.000000 < 0, set s=0
 [WARN] Road #416: planView::geometry::s -3.000000 < 0, set s=0
 [WARN] Road #417: planView::geometry::s -3.000000 < 0, set s=0
 [WARN] Road #419: planView::geometry::s -1.688030 < 0, set s=0
 [WARN] Road #420: planView::geometry::s -3.000000 < 0, set s=0
 [WARN] Road #421: planView::geometry::s -3.000000 < 0, set s=0
 [WARN] Road #422: planView::geometry::s -1.395499 < 0, set s=0
 [WARN] Road #423: planView::geometry::s -3.500000 < 0, set s=0
 [WARN] Road #424: planView::geometry::s -2.890094 < 0, set s=0
 [WARN] Road #425: planView::geometry::s -3.000000 < 0, set s=0
 [WARN] Road #426: planView::geometry::s -1.330968 < 0, set s=0
 [WARN] Road #429: planView::geometry::s -3.000000 < 0, set s=0
 [WARN] Road #431: planView::geometry::s -2.656744 < 0, set s=0
 [WARN] Road #432: planView::geometry::s -1.914357 < 0, set s=0
 [WARN] Road #433: planView::geometry::s -2.509856 < 0, set s=0
 [WARN] Road #434: planView::geometry::s -1.977113 < 0, set s=0
 [WARN] Road #435: planView::geometry::s -1.076387 < 0, set s=0
 [WARN] Road #436: planView::geometry::s -3.000000 < 0, set s=0
 [WARN] Road #437: planView::geometry::s -3.000000 < 0, set s=0
 [WARN] Road #438: planView::geometry::s -3.000000 < 0, set s=0
 [WARN] Road #439: planView::geometry::s -3.000000 < 0, set s=0
 [WARN] Road #440: planView::geometry::s -3.000000 < 0, set s=0
 [WARN] Road #441: planView::geometry::s -1.727215 < 0, set s=0
 [WARN] Road #442: planView::geometry::s -3.000000 < 0, set s=0
 [WARN] Road #443: planView::geometry::s -3.000000 < 0, set s=0
 [WARN] Road #444: planView::geometry::s -2.429502 < 0, set s=0
 [WARN] Road #445: planView::geometry::s -3.000000 < 0, set s=0
 [WARN] Road #446: planView::geometry::s -3.000000 < 0, set s=0
 [WARN] Road #447: planView::geometry::s -3.000000 < 0, set s=0
 [WARN] Road #449: planView::geometry::s -3.000000 < 0, set s=0
 [WARN] Road #451: planView::geometry::s -3.000000 < 0, set s=0
 [WARN] Road #452: planView::geometry::s -3.000000 < 0, set s=0
 [WARN] Road #454: planView::geometry::s -3.000000 < 0, set s=0
 [WARN] Road #456: planView::geometry::s -3.000000 < 0, set s=0
 [WARN] Road #457: planView::geometry::s -2.240144 < 0, set s=0
 [WARN] Road #459: planView::geometry::s -3.000000 < 0, set s=0
 [WARN] Road #460: planView::geometry::s -3.000000 < 0, set s=0
 [WARN] Road #461: planView::geometry::s -1.703462 < 0, set s=0
 [WARN] Road #462: planView::geometry::s -3.000000 < 0, set s=0
 [WARN] Road #463: planView::geometry::s -1.716727 < 0, set s=0
 [WARN] Road #464: planView::geometry::s -3.000000 < 0, set s=0
 [WARN] Road #465: planView::geometry::s -3.000000 < 0, set s=0
 [WARN] Road #467: planView::geometry::s -3.000000 < 0, set s=0
 [WARN] Road #468: planView::geometry::s -3.000000 < 0, set s=0
 [WARN] Road #469: planView::geometry::s -3.000000 < 0, set s=0
 [WARN] Road #471: planView::geometry::s -3.000000 < 0, set s=0
 [WARN] Road #472: planView::geometry::s -3.000000 < 0, set s=0
 [WARN] Road #473: planView::geometry::s -3.000000 < 0, set s=0
 [WARN] Road #474: planView::geometry::s -3.000000 < 0, set s=0
 [WARN] Road #475: planView::geometry::s -3.000000 < 0, set s=0
 [WARN] Road #476: planView::geometry::s -3.000000 < 0, set s=0
 [WARN] Road #478: planView::geometry::s -3.000000 < 0, set s=0
 [WARN] Road #479: planView::geometry::s -3.000000 < 0, set s=0
 [WARN] Road #480: planView::geometry::s -3.000000 < 0, set s=0
 [WARN] Road #481: planView::geometry::s -3.000000 < 0, set s=0
 [WARN] Road #482: planView::geometry::s -3.000000 < 0, set s=0
 [WARN] Road #483: planView::geometry::s -3.000000 < 0, set s=0
 [WARN] Road #484: planView::geometry::s -3.000000 < 0, set s=0
 [WARN] Road #485: planView::geometry::s -3.000000 < 0, set s=0
 [WARN] Road #486: planView::geometry::s -3.000000 < 0, set s=0
 [WARN] Road #487: planView::geometry::s -3.000000 < 0, set s=0
 [WARN] Road #488: planView::geometry::s -3.000000 < 0, set s=0
 [WARN] Road #490: planView::geometry::s -2.050531 < 0, set s=0
 [WARN] Road #491: planView::geometry::s -3.500000 < 0, set s=0
 [WARN] Road #493: planView::geometry::s -1.810593 < 0, set s=0
 [WARN] Road #495: planView::geometry::s -3.000000 < 0, set s=0
 [WARN] Road #497: planView::geometry::s -3.000000 < 0, set s=0
 [WARN] Road #499: planView::geometry::s -3.000000 < 0, set s=0
 [WARN] Road #501: planView::geometry::s -3.000000 < 0, set s=0
 [WARN] Road #502: planView::geometry::s -3.000000 < 0, set s=0
 [WARN] Road #503: planView::geometry::s -3.000000 < 0, set s=0
 [WARN] Road #504: planView::geometry::s -3.000000 < 0, set s=0
 [WARN] Road #505: planView::geometry::s -3.000000 < 0, set s=0
 [WARN] Road #506: planView::geometry::s -3.000000 < 0, set s=0
 [WARN] Road #508: planView::geometry::s -1.326544 < 0, set s=0
 [WARN] Road #509: planView::geometry::s -3.500000 < 0, set s=0
 [WARN] Road #510: planView::geometry::s -1.788919 < 0, set s=0
 [WARN] Road #511: planView::geometry::s -3.500000 < 0, set s=0
 [WARN] Road #512: planView::geometry::s -2.946934 < 0, set s=0
 [WARN] Road #513: planView::geometry::s -3.000000 < 0, set s=0
 [WARN] Road #515: planView::geometry::s -7.000000 < 0, set s=0
 [WARN] Road #516: planView::geometry::s -2.259299 < 0, set s=0
 [WARN] Road #517: planView::geometry::s -3.000000 < 0, set s=0
 [WARN] Road #518: planView::geometry::s -2.612496 < 0, set s=0
 [WARN] Road #521: planView::geometry::s -2.285882 < 0, set s=0
 [WARN] Road #522: planView::geometry::s -0.612678 < 0, set s=0
 [WARN] Road #523: planView::geometry::s -5.914998 < 0, set s=0
 [WARN] Road #524: planView::geometry::s -3.859503 < 0, set s=0
 [WARN] Road #525: planView::geometry::s -0.687564 < 0, set s=0
 [WARN] Road #526: planView::geometry::s -8.750000 < 0, set s=0
 [WARN] Road #527: planView::geometry::s -5.250000 < 0, set s=0
 [WARN] Road #528: planView::geometry::s -1.247237 < 0, set s=0
 [WARN] Road #529: planView::geometry::s -3.250000 < 0, set s=0
 [WARN] Road #530: planView::geometry::s -3.000000 < 0, set s=0
 [WARN] Road #531: planView::geometry::s -1.352731 < 0, set s=0
 [WARN] Road #532: planView::geometry::s -2.372298 < 0, set s=0
 [WARN] Road #533: planView::geometry::s -7.000000 < 0, set s=0
 [WARN] Road #535: planView::geometry::s -3.500000 < 0, set s=0
 [WARN] Road #536: planView::geometry::s -3.500000 < 0, set s=0
 [WARN] Road #537: planView::geometry::s -1.699661 < 0, set s=0
 [WARN] Road #538: planView::geometry::s -0.484605 < 0, set s=0
 [WARN] Road #539: planView::geometry::s -5.250000 < 0, set s=0
 [WARN] Road #540: planView::geometry::s -7.000000 < 0, set s=0
 [WARN] Road #541: planView::geometry::s -2.434514 < 0, set s=0
 [WARN] Road #542: planView::geometry::s -3.000000 < 0, set s=0
 [WARN] Road #544: planView::geometry::s -3.000000 < 0, set s=0
 [WARN] Road #545: planView::geometry::s -0.178253 < 0, set s=0
 [WARN] Road #546: planView::geometry::s -1.976817 < 0, set s=0
 [WARN] Road #547: planView::geometry::s -3.000000 < 0, set s=0
 [WARN] Road #548: planView::geometry::s -3.000000 < 0, set s=0
 [WARN] Road #549: planView::geometry::s -3.000000 < 0, set s=0
(index):295 [WARN] Road #550: planView::geometry::s -3.000000 < 0, set s=0
(index):295 [WARN] Road #551: planView::geometry::s -3.000000 < 0, set s=0
(index):295 [WARN] Road #552: planView::geometry::s -3.000000 < 0, set s=0
(index):295 [WARN] Road #553: planView::geometry::s -3.000000 < 0, set s=0
(index):295 [WARN] Road #554: planView::geometry::s -3.000000 < 0, set s=0
(index):295 [WARN] Road #555: planView::geometry::s -3.000000 < 0, set s=0
(index):295 [WARN] Road #556: planView::geometry::s -2.856916 < 0, set s=0
(index):295 [WARN] Road #557: planView::geometry::s -3.000000 < 0, set s=0
(index):295 [WARN] Road #558: planView::geometry::s -3.000000 < 0, set s=0
(index):295 [WARN] Road #559: planView::geometry::s -3.000000 < 0, set s=0
(index):295 [WARN] Road #560: planView::geometry::s -3.000000 < 0, set s=0
(index):295 [WARN] Road #562: planView::geometry::s -7.000000 < 0, set s=0
(index):295 [WARN] Road #563: planView::geometry::s -3.000000 < 0, set s=0
(index):295 [WARN] Road #564: planView::geometry::s -3.000000 < 0, set s=0
(index):295 [WARN] Road #565: planView::geometry::s -3.000000 < 0, set s=0
(index):295 [WARN] Road #566: planView::geometry::s -1.392975 < 0, set s=0
(index):295 [WARN] Road #567: planView::geometry::s -1.964744 < 0, set s=0
(index):295 [WARN] Road #568: planView::geometry::s -2.693671 < 0, set s=0
(index):295 [WARN] Road #570: planView::geometry::s -3.000000 < 0, set s=0
(index):295 [WARN] Road #573: planView::geometry::s -3.000000 < 0, set s=0
(index):295 [WARN] Road #574: planView::geometry::s -3.000000 < 0, set s=0
(index):295 [WARN] Road #577: planView::geometry::s -2.103911 < 0, set s=0
(index):295 [WARN] Road #578: planView::geometry::s -3.000000 < 0, set s=0
(index):295 [WARN] Road #579: planView::geometry::s -3.000000 < 0, set s=0
(index):295 [WARN] Road #580: planView::geometry::s -3.000000 < 0, set s=0
(index):295 [WARN] Road #581: planView::geometry::s -3.000000 < 0, set s=0
(index):295 [WARN] Road #582: planView::geometry::s -1.072097 < 0, set s=0
(index):295 [WARN] Road #584: planView::geometry::s -0.779431 < 0, set s=0
(index):295 [WARN] Road #585: planView::geometry::s -1.620405 < 0, set s=0
(index):295 [WARN] Road #586: planView::geometry::s -1.808257 < 0, set s=0
(index):295 [WARN] Road #588: planView::geometry::s -3.000000 < 0, set s=0
(index):295 [WARN] Road #589: planView::geometry::s -3.000000 < 0, set s=0
(index):295 [WARN] Road #590: planView::geometry::s -3.000000 < 0, set s=0
(index):295 [WARN] Road #592: planView::geometry::s -3.000000 < 0, set s=0
(index):295 [WARN] Road #593: planView::geometry::s -3.000000 < 0, set s=0
(index):295 [WARN] Road #594: planView::geometry::s -3.000000 < 0, set s=0
(index):295 [WARN] Road #601: planView::geometry::s -1.869685 < 0, set s=0
(index):295 [WARN] Road #605: planView::geometry::s -3.000000 < 0, set s=0
(index):295 [WARN] Road #606: planView::geometry::s -3.000000 < 0, set s=0
(index):295 [WARN] Road #607: planView::geometry::s -3.000000 < 0, set s=0
(index):295 [WARN] Road #610: planView::geometry::s -3.000000 < 0, set s=0
(index):295 [WARN] Road #611: planView::geometry::s -3.000000 < 0, set s=0
(index):295 [WARN] Road #612: planView::geometry::s -3.000000 < 0, set s=0
(index):295 [WARN] Road #613: planView::geometry::s -3.000000 < 0, set s=0
(index):295 [WARN] Road #614: planView::geometry::s -3.000000 < 0, set s=0
(index):295 [WARN] Road #615: planView::geometry::s -3.000000 < 0, set s=0
(index):295 [WARN] Road #616: planView::geometry::s -3.000000 < 0, set s=0
(index):295 [WARN] Road #617: planView::geometry::s -1.030328 < 0, set s=0
(index):295 [WARN] Road #618: planView::geometry::s -3.000000 < 0, set s=0
(index):295 [WARN] Road #619: planView::geometry::s -3.000000 < 0, set s=0
(index):295 [WARN] Road #620: planView::geometry::s -3.000000 < 0, set s=0
(index):295 [WARN] Road #621: planView::geometry::s -3.000000 < 0, set s=0
(index):295 [WARN] Road #622: planView::geometry::s -1.384198 < 0, set s=0
(index):295 [WARN] Road #623: planView::geometry::s -0.500000 < 0, set s=0
(index):295 [WARN] Road #624: planView::geometry::s -1.211082 < 0, set s=0
(index):295 [WARN] Road #625: planView::geometry::s -0.943152 < 0, set s=0
(index):295 [WARN] Road #636: planView::geometry::s -3.500000 < 0, set s=0
(index):295 [WARN] Road #637: planView::geometry::s -3.000000 < 0, set s=0
(index):295 [WARN] Road #638: planView::geometry::s -3.000000 < 0, set s=0
(index):295 [WARN] Road #639: planView::geometry::s -1.009925 < 0, set s=0
(index):295 [WARN] Road #641: planView::geometry::s -0.876454 < 0, set s=0
(index):295 [WARN] Road #642: planView::geometry::s -0.737188 < 0, set s=0
(index):295 [WARN] Road #643: planView::geometry::s -3.500000 < 0, set s=0
(index):295 [WARN] Road #644: planView::geometry::s -0.500000 < 0, set s=0
(index):295 [WARN] Road #645: planView::geometry::s -1.011141 < 0, set s=0
(index):295 [WARN] Road #646: planView::geometry::s -2.004735 < 0, set s=0
(index):295 [WARN] Road #647: planView::geometry::s -3.000000 < 0, set s=0
(index):295 [WARN] Road #648: planView::geometry::s -7.000000 < 0, set s=0
(index):295 [WARN] Road #649: planView::geometry::s -3.000000 < 0, set s=0
(index):295 [WARN] Road #651: planView::geometry::s -3.000000 < 0, set s=0
(index):295 [WARN] Road #653: planView::geometry::s -2.155945 < 0, set s=0
(index):295 [WARN] Road #654: planView::geometry::s -1.061579 < 0, set s=0
(index):295 [WARN] Road #655: planView::geometry::s -1.829721 < 0, set s=0
(index):295 [WARN] Road #656: planView::geometry::s -3.000000 < 0, set s=0
(index):295 [WARN] Road #657: planView::geometry::s -3.000000 < 0, set s=0
(index):295 [WARN] Road #658: planView::geometry::s -3.000000 < 0, set s=0
(index):295 [WARN] Road #659: planView::geometry::s -2.991337 < 0, set s=0
(index):295 [WARN] Road #660: planView::geometry::s -3.000000 < 0, set s=0
(index):295 [WARN] Road #661: planView::geometry::s -3.000000 < 0, set s=0
(index):295 [WARN] Road #662: planView::geometry::s -0.766863 < 0, set s=0
(index):295 [WARN] Road #663: planView::geometry::s -3.000000 < 0, set s=0
(index):295 [WARN] Road #664: planView::geometry::s -3.000000 < 0, set s=0
(index):295 [WARN] Road #666: planView::geometry::s -0.500000 < 0, set s=0
(index):295 [WARN] Road #667: planView::geometry::s -1.021795 < 0, set s=0
(index):295 [WARN] Road #668: planView::geometry::s -0.500000 < 0, set s=0
(index):295 [WARN] Road #669: planView::geometry::s -0.858929 < 0, set s=0
(index):295 [WARN] Road #670: planView::geometry::s -3.000000 < 0, set s=0
(index):295 [WARN] Road #671: planView::geometry::s -3.000000 < 0, set s=0
(index):295 [WARN] Road #672: planView::geometry::s -7.000000 < 0, set s=0
(index):295 [WARN] Road #673: planView::geometry::s -3.000000 < 0, set s=0
(index):295 [WARN] Road #674: planView::geometry::s -3.000000 < 0, set s=0
(index):295 [WARN] Road #677: planView::geometry::s -3.000000 < 0, set s=0
(index):295 [WARN] Road #679: planView::geometry::s -3.000000 < 0, set s=0
(index):295 [WARN] Road #681: planView::geometry::s -3.000000 < 0, set s=0
(index):295 [WARN] Road #682: planView::geometry::s -2.277155 < 0, set s=0
(index):295 [WARN] Road #683: planView::geometry::s -3.000000 < 0, set s=0
(index):295 [WARN] Road #684: planView::geometry::s -2.892178 < 0, set s=0
(index):295 [WARN] Road #685: planView::geometry::s -3.000000 < 0, set s=0
(index):295 [WARN] Road #686: planView::geometry::s -5.250000 < 0, set s=0
(index):295 [WARN] Road #689: planView::geometry::s -3.000000 < 0, set s=0
(index):295 [WARN] Road #690: planView::geometry::s -3.000000 < 0, set s=0
(index):295 [WARN] Road #693: planView::geometry::s -3.647006 < 0, set s=0
(index):295 [WARN] Road #694: planView::geometry::s -5.250000 < 0, set s=0
(index):295 [WARN] Road #695: planView::geometry::s -5.250000 < 0, set s=0
(index):295 [WARN] Road #696: planView::geometry::s -3.000000 < 0, set s=0
(index):295 [WARN] Road #699: planView::geometry::s -2.491142 < 0, set s=0
(index):295 [WARN] Road #700: planView::geometry::s -3.000000 < 0, set s=0
(index):295 [WARN] Road #701: planView::geometry::s -3.000000 < 0, set s=0
(index):295 [WARN] Road #703: planView::geometry::s -2.108795 < 0, set s=0
(index):295 [WARN] Road #704: planView::geometry::s -3.500000 < 0, set s=0
(index):295 [WARN] Road #706: planView::geometry::s -3.000000 < 0, set s=0
(index):295 [WARN] Road #710: planView::geometry::s -3.000000 < 0, set s=0
(index):295 [WARN] Road #711: planView::geometry::s -3.000000 < 0, set s=0
(index):295 [WARN] Road #712: planView::geometry::s -5.250000 < 0, set s=0
(index):295 [WARN] Road #713: planView::geometry::s -2.422280 < 0, set s=0
(index):295 [WARN] Road #714: planView::geometry::s -3.083732 < 0, set s=0
(index):295 [WARN] Road #715: planView::geometry::s -3.500000 < 0, set s=0
(index):295 [WARN] Road #716: planView::geometry::s -0.477105 < 0, set s=0
(index):295 [WARN] Road #717: planView::geometry::s -3.000000 < 0, set s=0
(index):1 The resource https://odrviewer.io/viewer.wasm was preloaded using link preload but not used within a few seconds from the window's load event. Please make sure it has an appropriate `as` value and it is preloaded intentionally.
(index):1 The resource https://odrviewer.io/viewer.wasm was preloaded using link preload but not used within a few seconds from the window's load event. Please make sure it has an appropriate `as` value and it is preloaded intentionally.
